// Jest Snapshot v1, https://goo.gl/fbAQLP

exports[`Tag.router reRoute 1`] = `
<div>
  browser.local:
  function local(url) {
          window.location.href = url;
      }
  browser.forward:
  function forward(url) {
          url ? history.push(url) : history.goForward();
      }
  browser.back:
  function back() {
          history.goBack();
      }
</div>
`;

exports[`Tag.router reRouteMatch 1`] = `
<div>
  browser.local:
  function local(url) {
          window.location.href = url;
      }
  browser.forward:
  function forward(url) {
          url ? history.push(url) : history.goForward();
      }
  browser.back:
  function back() {
          history.goBack();
      }
</div>
`;
